Archive member included because of file (symbol)

c:/program files (x86)/gnu tools arm embedded/4.8 2014q1/bin/../lib/gcc/arm-none-eabi/4.8.3/armv6-m\libgcc.a(_udivsi3.o)
                              ./system/src/stm32f0-stdperiph/stm32f0xx_rcc.o (__aeabi_uidiv)
c:/program files (x86)/gnu tools arm embedded/4.8 2014q1/bin/../lib/gcc/arm-none-eabi/4.8.3/armv6-m\libgcc.a(_dvmd_tls.o)
                              c:/program files (x86)/gnu tools arm embedded/4.8 2014q1/bin/../lib/gcc/arm-none-eabi/4.8.3/armv6-m\libgcc.a(_udivsi3.o) (__aeabi_idiv0)
c:/program files (x86)/gnu tools arm embedded/4.8 2014q1/bin/../lib/gcc/arm-none-eabi/4.8.3/../../../../arm-none-eabi/lib/armv6-m\libg_s.a(lib_a-errno.o)
                              ./system/src/newlib/_sbrk.o (__errno)
c:/program files (x86)/gnu tools arm embedded/4.8 2014q1/bin/../lib/gcc/arm-none-eabi/4.8.3/../../../../arm-none-eabi/lib/armv6-m\libg_s.a(lib_a-impure.o)
                              c:/program files (x86)/gnu tools arm embedded/4.8 2014q1/bin/../lib/gcc/arm-none-eabi/4.8.3/../../../../arm-none-eabi/lib/armv6-m\libg_s.a(lib_a-errno.o) (_impure_ptr)

Allocating common symbols
Common symbol       size              file

timer_delayCount    0x4               ./src/Timer.o
errno               0x4               ./system/src/newlib/_syscalls.o

Discarded input sections

 .group         0x00000000        0x8 ./system/src/stm32f0-stdperiph/stm32f0xx_gpio.o
 .group         0x00000000        0x8 ./system/src/stm32f0-stdperiph/stm32f0xx_gpio.o
 .group         0x00000000        0x8 ./system/src/stm32f0-stdperiph/stm32f0xx_gpio.o
 .group         0x00000000        0x8 ./system/src/stm32f0-stdperiph/stm32f0xx_gpio.o
 .group         0x00000000        0x8 ./system/src/stm32f0-stdperiph/stm32f0xx_gpio.o
 .group         0x00000000        0x8 ./system/src/stm32f0-stdperiph/stm32f0xx_gpio.o
 .group         0x00000000        0x8 ./system/src/stm32f0-stdperiph/stm32f0xx_gpio.o
 .group         0x00000000        0x8 ./system/src/stm32f0-stdperiph/stm32f0xx_gpio.o
 .group         0x00000000        0x8 ./system/src/stm32f0-stdperiph/stm32f0xx_gpio.o
 .group         0x00000000        0x8 ./system/src/stm32f0-stdperiph/stm32f0xx_gpio.o
 .group         0x00000000        0x8 ./system/src/stm32f0-stdperiph/stm32f0xx_gpio.o
 .group         0x00000000        0x8 ./system/src/stm32f0-stdperiph/stm32f0xx_gpio.o
 .group         0x00000000        0x8 ./system/src/stm32f0-stdperiph/stm32f0xx_gpio.o
 .group         0x00000000        0x8 ./system/src/stm32f0-stdperiph/stm32f0xx_gpio.o
 .group         0x00000000        0x8 ./system/src/stm32f0-stdperiph/stm32f0xx_gpio.o
 .group         0x00000000        0x8 ./system/src/stm32f0-stdperiph/stm32f0xx_gpio.o
 .group         0x00000000        0x8 ./system/src/stm32f0-stdperiph/stm32f0xx_gpio.o
 .group         0x00000000        0x8 ./system/src/stm32f0-stdperiph/stm32f0xx_gpio.o
 .group         0x00000000        0x8 ./system/src/stm32f0-stdperiph/stm32f0xx_gpio.o
 .group         0x00000000        0x8 ./system/src/stm32f0-stdperiph/stm32f0xx_gpio.o
 .group         0x00000000        0x8 ./system/src/stm32f0-stdperiph/stm32f0xx_gpio.o
 .group         0x00000000        0x8 ./system/src/stm32f0-stdperiph/stm32f0xx_gpio.o
 .group         0x00000000        0x8 ./system/src/stm32f0-stdperiph/stm32f0xx_gpio.o
 .group         0x00000000        0x8 ./system/src/stm32f0-stdperiph/stm32f0xx_gpio.o
 .group         0x00000000        0x8 ./system/src/stm32f0-stdperiph/stm32f0xx_gpio.o
 .group         0x00000000        0x8 ./system/src/stm32f0-stdperiph/stm32f0xx_gpio.o
 .group         0x00000000        0x8 ./system/src/stm32f0-stdperiph/stm32f0xx_gpio.o
 .group         0x00000000        0x8 ./system/src/stm32f0-stdperiph/stm32f0xx_gpio.o
 .group         0x00000000        0x8 ./system/src/stm32f0-stdperiph/stm32f0xx_gpio.o
 .group         0x00000000        0x8 ./system/src/stm32f0-stdperiph/stm32f0xx_gpio.o
 .text          0x00000000        0x0 ./system/src/stm32f0-stdperiph/stm32f0xx_gpio.o
 .data          0x00000000        0x0 ./system/src/stm32f0-stdperiph/stm32f0xx_gpio.o
 .bss           0x00000000        0x0 ./system/src/stm32f0-stdperiph/stm32f0xx_gpio.o
 .text.GPIO_DeInit
                0x00000000       0xf4 ./system/src/stm32f0-stdperiph/stm32f0xx_gpio.o
 .text.GPIO_StructInit
                0x00000000       0x18 ./system/src/stm32f0-stdperiph/stm32f0xx_gpio.o
 .text.GPIO_PinLockConfig
                0x00000000       0x58 ./system/src/stm32f0-stdperiph/stm32f0xx_gpio.o
 .text.GPIO_ReadInputDataBit
                0x00000000       0xc4 ./system/src/stm32f0-stdperiph/stm32f0xx_gpio.o
 .text.GPIO_ReadInputData
                0x00000000       0x54 ./system/src/stm32f0-stdperiph/stm32f0xx_gpio.o
 .text.GPIO_ReadOutputDataBit
                0x00000000       0xc4 ./system/src/stm32f0-stdperiph/stm32f0xx_gpio.o
 .text.GPIO_ReadOutputData
                0x00000000       0x54 ./system/src/stm32f0-stdperiph/stm32f0xx_gpio.o
 .text.GPIO_WriteBit
[...]
Memory Configuration

Name             Origin             Length             Attributes
RAM              0x20000000         0x00002000         xrw
CCMRAM           0x00000000         0x00000000         xrw
FLASH            0x08000000         0x00010000         xr
FLASHB1          0x00000000         0x00000000         xr
EXTMEMB0         0x00000000         0x00000000         xr
EXTMEMB1         0x00000000         0x00000000         xr
EXTMEMB2         0x00000000         0x00000000         xr
EXTMEMB3         0x00000000         0x00000000         xr
MEMORY_ARRAY     0x00000000         0x00000000         xrw
*default*        0x00000000         0xffffffff

Linker script and memory map

LOAD ./system/src/stm32f0-stdperiph/stm32f0xx_gpio.o
LOAD ./system/src/stm32f0-stdperiph/stm32f0xx_rcc.o
LOAD ./system/src/newlib/_cxx.o
LOAD ./system/src/newlib/_exit.o
LOAD ./system/src/newlib/_sbrk.o
LOAD ./system/src/newlib/_startup.o
LOAD ./system/src/newlib/_syscalls.o
LOAD ./system/src/newlib/_write.o
LOAD ./system/src/newlib/assert.o
LOAD ./system/src/diag/Trace.o
LOAD ./system/src/diag/trace_impl.o
LOAD ./system/src/cortexm/_initialize_hardware.o
LOAD ./system/src/cortexm/_reset_hardware.o
LOAD ./system/src/cortexm/exception_handlers.o
LOAD ./system/src/cmsis/system_stm32f0xx.o
LOAD ./system/src/cmsis/vectors_stm32f0xx.o
LOAD ./src/BlinkLed.o
LOAD ./src/Timer.o
LOAD ./src/main.o
LOAD c:/program files (x86)/gnu tools arm embedded/4.8 2014q1/bin/../lib/gcc/arm-none-eabi/4.8.3/../../../../arm-none-eabi/lib/armv6-m\libstdc++_s.a
LOAD c:/program files (x86)/gnu tools arm embedded/4.8 2014q1/bin/../lib/gcc/arm-none-eabi/4.8.3/../../../../arm-none-eabi/lib/armv6-m\libm.a
START GROUP
LOAD c:/program files (x86)/gnu tools arm embedded/4.8 2014q1/bin/../lib/gcc/arm-none-eabi/4.8.3/armv6-m\libgcc.a
LOAD c:/program files (x86)/gnu tools arm embedded/4.8 2014q1/bin/../lib/gcc/arm-none-eabi/4.8.3/../../../../arm-none-eabi/lib/armv6-m\libg_s.a
LOAD c:/program files (x86)/gnu tools arm embedded/4.8 2014q1/bin/../lib/gcc/arm-none-eabi/4.8.3/../../../../arm-none-eabi/lib/armv6-m\libc_s.a
END GROUP
START GROUP
LOAD c:/program files (x86)/gnu tools arm embedded/4.8 2014q1/bin/../lib/gcc/arm-none-eabi/4.8.3/armv6-m\libgcc.a
LOAD c:/program files (x86)/gnu tools arm embedded/4.8 2014q1/bin/../lib/gcc/arm-none-eabi/4.8.3/../../../../arm-none-eabi/lib/armv6-m\libc_s.a
END GROUP
                0x20002000                __stack = (ORIGIN (RAM) + 0x2000)
                0x20002000                _estack = __stack
                0x00000400                __Main_Stack_Size = 0x400
                0x00000400                PROVIDE (_Main_Stack_Size, __Main_Stack_Size)
                0x20001c00                __Main_Stack_Limit = (__stack - __Main_Stack_Size)
                0x20001c00                PROVIDE (_Main_Stack_Limit, __Main_Stack_Limit)
                0x00000100                _Minimum_Stack_Size = 0x100
                0x20000024                PROVIDE (_Heap_Begin, _end_noinit)
                0x20001c00                PROVIDE (_Heap_Limit, (__stack - __Main_Stack_Size))

.isr_vector     0x08000000      0x1f4
                0x08000000                . = ALIGN (0x4)
 *(.isr_vector)
 .isr_vector    0x08000000       0xc4 ./system/src/cmsis/vectors_stm32f0xx.o
                0x08000000                g_pfnVectors
 *(.cfmconfig)
 *(.after_vectors .after_vectors.*)
 .after_vectors
                0x080000c4      0x110 ./system/src/newlib/_startup.o
                0x080000c4                _start
 .after_vectors
                0x080001d4       0x1c ./system/src/cortexm/exception_handlers.o
                0x080001d4                Reset_Handler
                0x080001dc                NMI_Handler
                0x080001e0                HardFault_Handler
                0x080001e4                SVC_Handler
                0x080001e8                PendSV_Handler
 .after_vectors
                0x080001f0        0x4 ./system/src/cmsis/vectors_stm32f0xx.o
                0x080001f0                TIM1_CC_IRQHandler
                0x080001f0                TSC_IRQHandler
                0x080001f0                ADC1_COMP_IRQHandler
                0x080001f0                PVD_IRQHandler
                0x080001f0                I2C1_IRQHandler
                0x080001f0                RCC_CRS_IRQHandler
                0x080001f0                SPI1_IRQHandler
                0x080001f0                TIM6_DAC_IRQHandler
                0x080001f0                USART3_4_IRQHandler
                0x080001f0                EXTI2_3_IRQHandler
                0x080001f0                ADC1_IRQHandler
                0x080001f0                I2C2_IRQHandler
                0x080001f0                TIM17_IRQHandler
                0x080001f0                CEC_CAN_IRQHandler
                0x080001f0                RTC_IRQHandler
                0x080001f0                PVD_VDDIO2_IRQHandler
                0x080001f0                DMA1_Channel4_5_6_7_IRQHandler
                0x080001f0                TIM16_IRQHandler
                0x080001f0                TIM3_IRQHandler
                0x080001f0                EXTI4_15_IRQHandler
                0x080001f0                RCC_IRQHandler
                0x080001f0                DMA1_Channel1_IRQHandler
                0x080001f0                Default_Handler
                0x080001f0                CEC_IRQHandler
                0x080001f0                TIM14_IRQHandler
                0x080001f0                DMA1_Channel4_5_IRQHandler
                0x080001f0                TIM7_IRQHandler
                0x080001f0                TIM15_IRQHandler
                0x080001f0                EXTI0_1_IRQHandler
                0x080001f0                USB_IRQHandler
                0x080001f0                SPI2_IRQHandler
                0x080001f0                TS_IRQHandler
                0x080001f0                WWDG_IRQHandler
                0x080001f0                TIM2_IRQHandler
                0x080001f0                DMA1_Channel2_3_IRQHandler
                0x080001f0                USART2_IRQHandler
                0x080001f0                FLASH_IRQHandler
                0x080001f0                USART1_IRQHandler
                0x080001f0                TIM1_BRK_UP_TRG_COM_IRQHandler
                0x080001f4                . = ALIGN (0x4)

.inits          0x080001f4        0x0
                0x080001f4                . = ALIGN (0x4)
 *(.init)
 *(.fini)
                0x080001f4                . = ALIGN (0x4)
                0x080001f4                PROVIDE (__preinit_array_start, .)
 *(.preinit_array_sysinit .preinit_array_sysinit.*)
 *(.preinit_array_platform .preinit_array_platform.*)
 *(.preinit_array .preinit_array.*)
                0x080001f4                PROVIDE (__preinit_array_end, .)
                0x080001f4                . = ALIGN (0x4)
                0x080001f4                PROVIDE (__init_array_start, .)
 *(SORT(.init_array.*))
 *(.init_array)
                0x080001f4                PROVIDE (__init_array_end, .)
                0x080001f4                . = ALIGN (0x4)
                0x080001f4                PROVIDE (__fini_array_start, .)
 *(SORT(.fini_array.*))
 *(.fini_array)
                0x080001f4                PROVIDE (__fini_array_end, .)
                0x080001f4                . = ALIGN (0x4)

.flashtext      0x080001f4        0x0
                0x080001f4                . = ALIGN (0x4)
 *(.flashtext .flashtext.*)
                0x080001f4                . = ALIGN (0x4)

.text           0x080001f4      0x55c
                0x080001f4                . = ALIGN (0x4)
 *(.text .text.*)
 .text.GPIO_Init
                0x080001f4      0x11c ./system/src/stm32f0-stdperiph/stm32f0xx_gpio.o
                0x080001f4                GPIO_Init
 .text.GPIO_SetBits
                0x08000310       0x60 ./system/src/stm32f0-stdperiph/stm32f0xx_gpio.o
                0x08000310                GPIO_SetBits
 .text.GPIO_ResetBits
                0x08000370       0x60 ./system/src/stm32f0-stdperiph/stm32f0xx_gpio.o
                0x08000370                GPIO_ResetBits
 .text.RCC_AHBPeriphClockCmd
                0x080003d0       0x50 ./system/src/stm32f0-stdperiph/stm32f0xx_rcc.o
                0x080003d0                RCC_AHBPeriphClockCmd
 .text._exit    0x08000420        0x4 ./system/src/newlib/_exit.o
                0x08000420                _exit
 .text.abort    0x08000424        0x8 ./system/src/newlib/_exit.o
                0x08000424                abort
 .text.__initialize_args
                0x0800042c       0x10 ./system/src/newlib/_syscalls.o
                0x0800042c                __initialize_args
 .text.assert_failed
                0x0800043c        0x8 ./system/src/newlib/assert.o
                0x0800043c                assert_failed
 .text.__initialize_hardware
                0x08000444        0x8 ./system/src/cortexm/_initialize_hardware.o
                0x08000444                __initialize_hardware
 .text.SetSysClock
                0x0800044c       0xb4 ./system/src/cmsis/system_stm32f0xx.o
 .text.SystemInit
                0x08000500       0x64 ./system/src/cmsis/system_stm32f0xx.o
                0x08000500                SystemInit
 .text.blink_led_init
                0x08000564       0x38 ./src/BlinkLed.o
                0x08000564                blink_led_init
 .text.timer_start
                0x0800059c       0x44 ./src/Timer.o
                0x0800059c                timer_start
 .text.timer_sleep
                0x080005e0       0x14 ./src/Timer.o
                0x080005e0                timer_sleep
 .text.timer_tick
                0x080005f4       0x18 ./src/Timer.o
                0x080005f4                timer_tick
 .text.SysTick_Handler
                0x0800060c        0x8 ./src/Timer.o
                0x0800060c                SysTick_Handler
 .text.main     0x08000614       0x38 ./src/main.o
                0x08000614                main
 .text          0x0800064c       0x9c c:/program files (x86)/gnu tools arm embedded/4.8 2014q1/bin/../lib/gcc/arm-none-eabi/4.8.3/armv6-m\libgcc.a(_udivsi3.o)
                0x0800064c                __aeabi_uidiv
                0x0800064c                __udivsi3
                0x080006d4                __aeabi_uidivmod
 .text          0x080006e8        0x4 c:/program files (x86)/gnu tools arm embedded/4.8 2014q1/bin/../lib/gcc/arm-none-eabi/4.8.3/armv6-m\libgcc.a(_dvmd_tls.o)
                0x080006e8                __aeabi_idiv0
                0x080006e8                __aeabi_ldiv0
 *(.rodata .rodata.*)
 .rodata.str1.4
                0x080006ec       0x31 ./system/src/stm32f0-stdperiph/stm32f0xx_gpio.o
                                 0x34 (size before relaxing)
 *fill*         0x0800071d        0x3 
 .rodata.str1.4
                0x08000720       0x30 ./system/src/stm32f0-stdperiph/stm32f0xx_rcc.o
 *(vtable)
 *(.eh_frame*)
 *(.glue_7)
 .glue_7        0x00000000        0x0 linker stubs
 *(.glue_7t)
 .glue_7t       0x00000000        0x0 linker stubs

.vfp11_veneer   0x08000750        0x0
 .vfp11_veneer  0x00000000        0x0 linker stubs

.v4_bx          0x08000750        0x0
 .v4_bx         0x00000000        0x0 linker stubs

.iplt           0x08000750        0x0
 .iplt          0x00000000        0x0 ./system/src/stm32f0-stdperiph/stm32f0xx_gpio.o

.rel.dyn        0x08000750        0x0
 .rel.iplt      0x00000000        0x0 ./system/src/stm32f0-stdperiph/stm32f0xx_gpio.o

.ARM.extab
 *(.ARM.extab* .gnu.linkonce.armextab.*)
                0x08000750                __exidx_start = .

.ARM.exidx
 *(.ARM.exidx* .gnu.linkonce.armexidx.*)
                0x08000750                __exidx_end = .
                0x08000750                . = ALIGN (0x4)
                0x08000750                _etext = .
                0x08000750                __etext = .
                0x08000750                _sidata = _etext

.data           0x20000000       0x14 load address 0x08000750
                0x20000000                . = ALIGN (0x4)
                0x20000000                _sdata = .
                0x20000000                __data_start__ = .
 *(.data_begin .data_begin.*)
 .data_begin    0x20000000        0x4 ./system/src/newlib/_startup.o
 *(.data .data.*)
 .data.argv.4011
                0x20000004        0x8 ./system/src/newlib/_syscalls.o
 .data.SystemCoreClock
                0x2000000c        0x4 ./system/src/cmsis/system_stm32f0xx.o
                0x2000000c                SystemCoreClock
 *(.data_end .data_end.*)
 .data_end      0x20000010        0x4 ./system/src/newlib/_startup.o
                0x20000014                . = ALIGN (0x4)
                0x20000014                _edata = .
                0x20000014                __data_end__ = .

.igot.plt       0x20000014        0x0 load address 0x08000764
 .igot.plt      0x00000000        0x0 ./system/src/stm32f0-stdperiph/stm32f0xx_gpio.o

.bss            0x20000014       0x10 load address 0x08000764
                0x20000014                . = ALIGN (0x4)
                0x20000014                __bss_start__ = .
                0x20000014                _sbss = .
 *(.bss_begin .bss_begin.*)
 .bss_begin     0x20000014        0x4 ./system/src/newlib/_startup.o
 *(.bss .bss.*)
 .bss.name.4010
                0x20000018        0x4 ./system/src/newlib/_syscalls.o
 *(COMMON)
 COMMON         0x2000001c        0x4 ./src/Timer.o
                0x2000001c                timer_delayCount
 *(.bss_end .bss_end.*)
 .bss_end       0x20000020        0x4 ./system/src/newlib/_startup.o
                0x20000024                . = ALIGN (0x4)
                0x20000024                __bss_end__ = .
                0x20000024                _ebss = .

.noinit         0x20000024        0x0
                0x20000024                . = ALIGN (0x4)
                0x20000024                _noinit = .
 *(.noinit .noinit.*)
                0x20000024                . = ALIGN (0x4)
                0x20000024                _end_noinit = .
                0x20000024                PROVIDE (end, _end_noinit)
                0x20000024                PROVIDE (_end, _end_noinit)
                0x20000024                PROVIDE (__end, _end_noinit)
                0x20000024                PROVIDE (__end__, _end_noinit)

._check_stack   0x20000024      0x100 load address 0x08000774
                0x20000024                . = ALIGN (0x4)
                0x20000124                . = (. + _Minimum_Stack_Size)
 *fill*         0x20000024      0x100 
                0x20000124                . = ALIGN (0x4)

.bss_CCMRAM
 *(.bss.CCMRAM .bss.CCMRAM.*)

.b1text
 *(.b1text)
 *(.b1rodata)
 *(.b1rodata.*)

.eb0text
 *(.eb0text)
 *(.eb0rodata)
 *(.eb0rodata.*)

.eb1text
 *(.eb1text)
 *(.eb1rodata)
 *(.eb1rodata.*)

.eb2text
 *(.eb2text)
 *(.eb2rodata)
 *(.eb2rodata.*)

.eb3text
 *(.eb3text)
 *(.eb3rodata)
 *(.eb3rodata.*)

.stab
 *(.stab)

.stabstr
 *(.stabstr)

.stab.excl
 *(.stab.excl)

.stab.exclstr
 *(.stab.exclstr)

.stab.index
 *(.stab.index)

.stab.indexstr
 *(.stab.indexstr)

.comment        0x00000000       0x70
 *(.comment)
 .comment       0x00000000       0x70 ./system/src/stm32f0-stdperiph/stm32f0xx_gpio.o
                                 0x71 (size before relaxing)
 .comment       0x00000000       0x71 ./system/src/stm32f0-stdperiph/stm32f0xx_rcc.o
 .comment       0x00000000       0x71 ./system/src/newlib/_exit.o
 .comment       0x00000000       0x71 ./system/src/newlib/_startup.o
 .comment       0x00000000       0x71 ./system/src/newlib/_syscalls.o
 .comment       0x00000000       0x71 ./system/src/newlib/assert.o
 .comment       0x00000000       0x71 ./system/src/cortexm/_initialize_hardware.o
 .comment       0x00000000       0x71 ./system/src/cortexm/exception_handlers.o
 .comment       0x00000000       0x71 ./system/src/cmsis/system_stm32f0xx.o
 .comment       0x00000000       0x71 ./system/src/cmsis/vectors_stm32f0xx.o
 .comment       0x00000000       0x71 ./src/BlinkLed.o
 .comment       0x00000000       0x71 ./src/Timer.o
 .comment       0x00000000       0x71 ./src/main.o

.ARM.attributes
                0x00000000       0x31
 .ARM.attributes
                0x00000000       0x31 ./system/src/stm32f0-stdperiph/stm32f0xx_gpio.o
 .ARM.attributes
                0x00000031       0x31 ./system/src/stm32f0-stdperiph/stm32f0xx_rcc.o
 .ARM.attributes
                0x00000062       0x31 ./system/src/newlib/_exit.o
 .ARM.attributes
                0x00000093       0x31 ./system/src/newlib/_startup.o
 .ARM.attributes
                0x000000c4       0x31 ./system/src/newlib/_syscalls.o
 .ARM.attributes
                0x000000f5       0x31 ./system/src/newlib/assert.o
 .ARM.attributes
                0x00000126       0x31 ./system/src/cortexm/_initialize_hardware.o
 .ARM.attributes
                0x00000157       0x31 ./system/src/cortexm/exception_handlers.o
 .ARM.attributes
                0x00000188       0x31 ./system/src/cmsis/system_stm32f0xx.o
 .ARM.attributes
                0x000001b9       0x31 ./system/src/cmsis/vectors_stm32f0xx.o
 .ARM.attributes
                0x000001ea       0x31 ./src/BlinkLed.o
 .ARM.attributes
                0x0000021b       0x31 ./src/Timer.o
 .ARM.attributes
                0x0000024c       0x31 ./src/main.o
 .ARM.attributes
                0x0000027d       0x1e c:/program files (x86)/gnu tools arm embedded/4.8 2014q1/bin/../lib/gcc/arm-none-eabi/4.8.3/armv6-m\libgcc.a(_udivsi3.o)
 .ARM.attributes
                0x0000029b       0x1e c:/program files (x86)/gnu tools arm embedded/4.8 2014q1/bin/../lib/gcc/arm-none-eabi/4.8.3/armv6-m\libgcc.a(_dvmd_tls.o)

.debug
 *(.debug)

.line
 *(.line)

.debug_srcinfo
 *(.debug_srcinfo)

.debug_sfnames
 *(.debug_sfnames)

.debug_aranges  0x00000000      0x3d0
 *(.debug_aranges)
 .debug_aranges
                0x00000000       0x80 ./system/src/stm32f0-stdperiph/stm32f0xx_gpio.o
 .debug_aranges
                0x00000080      0x160 ./system/src/stm32f0-stdperiph/stm32f0xx_rcc.o
 .debug_aranges
                0x000001e0       0x28 ./system/src/newlib/_exit.o
 .debug_aranges
                0x00000208       0x40 ./system/src/newlib/_startup.o
 .debug_aranges
                0x00000248       0x30 ./system/src/newlib/_syscalls.o
 .debug_aranges
                0x00000278       0x28 ./system/src/newlib/assert.o
 .debug_aranges
                0x000002a0       0x20 ./system/src/cortexm/_initialize_hardware.o
 .debug_aranges
                0x000002c0       0x48 ./system/src/cortexm/exception_handlers.o
 .debug_aranges
                0x00000308       0x30 ./system/src/cmsis/system_stm32f0xx.o
 .debug_aranges
                0x00000338       0x20 ./system/src/cmsis/vectors_stm32f0xx.o
 .debug_aranges
                0x00000358       0x20 ./src/BlinkLed.o
 .debug_aranges
                0x00000378       0x38 ./src/Timer.o
 .debug_aranges
                0x000003b0       0x20 ./src/main.o

.debug_pubnames
 *(.debug_pubnames)

.debug_info     0x00000000     0x311f
 *(.debug_info .gnu.linkonce.wi.*)
 .debug_info    0x00000000      0xa17 ./system/src/stm32f0-stdperiph/stm32f0xx_gpio.o
 .debug_info    0x00000a17      0xf18 ./system/src/stm32f0-stdperiph/stm32f0xx_rcc.o
 .debug_info    0x0000192f       0xee ./system/src/newlib/_exit.o
 .debug_info    0x00001a1d      0x45e ./system/src/newlib/_startup.o
 .debug_info    0x00001e7b      0x1a9 ./system/src/newlib/_syscalls.o
 .debug_info    0x00002024      0x168 ./system/src/newlib/assert.o
 .debug_info    0x0000218c       0x9d ./system/src/cortexm/_initialize_hardware.o
 .debug_info    0x00002229       0xa5 ./system/src/cortexm/exception_handlers.o
 .debug_info    0x000022ce      0x2e8 ./system/src/cmsis/system_stm32f0xx.o
 .debug_info    0x000025b6       0x92 ./system/src/cmsis/vectors_stm32f0xx.o
 .debug_info    0x00002648      0x358 ./src/BlinkLed.o
 .debug_info    0x000029a0      0x467 ./src/Timer.o
 .debug_info    0x00002e07      0x318 ./src/main.o

.debug_abbrev   0x00000000      0xfb0
 *(.debug_abbrev)
 .debug_abbrev  0x00000000      0x1db ./system/src/stm32f0-stdperiph/stm32f0xx_gpio.o
 .debug_abbrev  0x000001db      0x23e ./system/src/stm32f0-stdperiph/stm32f0xx_rcc.o
 .debug_abbrev  0x00000419       0xb7 ./system/src/newlib/_exit.o
 .debug_abbrev  0x000004d0      0x1da ./system/src/newlib/_startup.o
 .debug_abbrev  0x000006aa       0xe7 ./system/src/newlib/_syscalls.o
 .debug_abbrev  0x00000791       0xb6 ./system/src/newlib/assert.o
 .debug_abbrev  0x00000847       0x63 ./system/src/cortexm/_initialize_hardware.o
 .debug_abbrev  0x000008aa       0x65 ./system/src/cortexm/exception_handlers.o
 .debug_abbrev  0x0000090f      0x146 ./system/src/cmsis/system_stm32f0xx.o
 .debug_abbrev  0x00000a55       0x92 ./system/src/cmsis/vectors_stm32f0xx.o
 .debug_abbrev  0x00000ae7      0x15c ./src/BlinkLed.o
 .debug_abbrev  0x00000c43      0x1b5 ./src/Timer.o
 .debug_abbrev  0x00000df8      0x1b8 ./src/main.o

.debug_line     0x00000000     0x2e98
 *(.debug_line)
 .debug_line    0x00000000      0x551 ./system/src/stm32f0-stdperiph/stm32f0xx_gpio.o
 .debug_line    0x00000551      0x85a ./system/src/stm32f0-stdperiph/stm32f0xx_rcc.o
 .debug_line    0x00000dab      0x2b1 ./system/src/newlib/_exit.o
 .debug_line    0x0000105c      0x32b ./system/src/newlib/_startup.o
 .debug_line    0x00001387      0x36a ./system/src/newlib/_syscalls.o
 .debug_line    0x000016f1      0x2da ./system/src/newlib/assert.o
 .debug_line    0x000019cb      0x361 ./system/src/cortexm/_initialize_hardware.o
 .debug_line    0x00001d2c       0x97 ./system/src/cortexm/exception_handlers.o
 .debug_line    0x00001dc3      0x3b2 ./system/src/cmsis/system_stm32f0xx.o
 .debug_line    0x00002175       0x89 ./system/src/cmsis/vectors_stm32f0xx.o
 .debug_line    0x000021fe      0x34f ./src/BlinkLed.o
 .debug_line    0x0000254d      0x3ce ./src/Timer.o
 .debug_line    0x0000291b      0x57d ./src/main.o

.debug_frame    0x00000000      0x898
 *(.debug_frame)
 .debug_frame   0x00000000      0x168 ./system/src/stm32f0-stdperiph/stm32f0xx_gpio.o
 .debug_frame   0x00000168      0x3f8 ./system/src/stm32f0-stdperiph/stm32f0xx_rcc.o
 .debug_frame   0x00000560       0x38 ./system/src/newlib/_exit.o
 .debug_frame   0x00000598       0x84 ./system/src/newlib/_startup.o
 .debug_frame   0x0000061c       0x50 ./system/src/newlib/_syscalls.o
 .debug_frame   0x0000066c       0x40 ./system/src/newlib/assert.o
 .debug_frame   0x000006ac       0x28 ./system/src/cortexm/_initialize_hardware.o
 .debug_frame   0x000006d4       0x78 ./system/src/cortexm/exception_handlers.o
 .debug_frame   0x0000074c       0x54 ./system/src/cmsis/system_stm32f0xx.o
 .debug_frame   0x000007a0       0x20 ./system/src/cmsis/vectors_stm32f0xx.o
 .debug_frame   0x000007c0       0x2c ./src/BlinkLed.o
 .debug_frame   0x000007ec       0x60 ./src/Timer.o
 .debug_frame   0x0000084c       0x2c ./src/main.o
 .debug_frame   0x00000878       0x20 c:/program files (x86)/gnu tools arm embedded/4.8 2014q1/bin/../lib/gcc/arm-none-eabi/4.8.3/armv6-m\libgcc.a(_udivsi3.o)

.debug_str      0x00000000    0x43fc2
 *(.debug_str)
 .debug_str     0x00000000    0x3ee84 ./system/src/stm32f0-stdperiph/stm32f0xx_gpio.o
                              0x3f020 (size before relaxing)
 .debug_str     0x0003ee84      0x650 ./system/src/stm32f0-stdperiph/stm32f0xx_rcc.o
                              0x3f3a6 (size before relaxing)
 .debug_str     0x0003f4d4     0x2995 ./system/src/newlib/_exit.o
                               0x4dc2 (size before relaxing)
 .debug_str     0x00041e69      0x24c ./system/src/newlib/_startup.o
                               0x3f34 (size before relaxing)
 .debug_str     0x000420b5     0x109c ./system/src/newlib/_syscalls.o
                               0x4fe7 (size before relaxing)
 .debug_str     0x00043151       0xdc ./system/src/newlib/assert.o
                               0x58ce (size before relaxing)
 .debug_str     0x0004322d       0x51 ./system/src/cortexm/_initialize_hardware.o
                              0x3ed0b (size before relaxing)
 .debug_str     0x0004327e       0xa1 ./system/src/cortexm/exception_handlers.o
                               0x23bd (size before relaxing)
 .debug_str     0x0004331f       0x7d ./system/src/cmsis/system_stm32f0xx.o
                              0x3edeb (size before relaxing)
 .debug_str     0x0004339c       0x56 ./system/src/cmsis/vectors_stm32f0xx.o
                               0x23a0 (size before relaxing)
 .debug_str     0x000433f2      0x12e ./src/BlinkLed.o
                              0x3efcd (size before relaxing)
 .debug_str     0x00043520      0x2c6 ./src/Timer.o
                              0x3effd (size before relaxing)
 .debug_str     0x000437e6      0x7dc ./src/main.o
                              0x41fb8 (size before relaxing)

.debug_loc      0x00000000     0x163f
 *(.debug_loc)
 .debug_loc     0x00000000      0x4e1 ./system/src/stm32f0-stdperiph/stm32f0xx_gpio.o
 .debug_loc     0x000004e1      0xc3f ./system/src/stm32f0-stdperiph/stm32f0xx_rcc.o
 .debug_loc     0x00001120      0x265 ./system/src/newlib/_startup.o
 .debug_loc     0x00001385       0x63 ./system/src/newlib/_syscalls.o
 .debug_loc     0x000013e8       0xc6 ./system/src/newlib/assert.o
 .debug_loc     0x000014ae       0xe2 ./system/src/cmsis/system_stm32f0xx.o
 .debug_loc     0x00001590       0x59 ./src/Timer.o
 .debug_loc     0x000015e9       0x56 ./src/main.o

.debug_macinfo
 *(.debug_macinfo)

.debug_weaknames
 *(.debug_weaknames)

.debug_funcnames
 *(.debug_funcnames)

.debug_typenames
 *(.debug_typenames)

.debug_varnames
 *(.debug_varnames)
OUTPUT(SomeStuff.elf elf32-littlearm)

.debug_ranges   0x00000000      0x330
 .debug_ranges  0x00000000       0x70 ./system/src/stm32f0-stdperiph/stm32f0xx_gpio.o
 .debug_ranges  0x00000070      0x150 ./system/src/stm32f0-stdperiph/stm32f0xx_rcc.o
 .debug_ranges  0x000001c0       0x18 ./system/src/newlib/_exit.o
 .debug_ranges  0x000001d8       0x48 ./system/src/newlib/_startup.o
 .debug_ranges  0x00000220       0x20 ./system/src/newlib/_syscalls.o
 .debug_ranges  0x00000240       0x18 ./system/src/newlib/assert.o
 .debug_ranges  0x00000258       0x10 ./system/src/cortexm/_initialize_hardware.o
 .debug_ranges  0x00000268       0x38 ./system/src/cortexm/exception_handlers.o
 .debug_ranges  0x000002a0       0x20 ./system/src/cmsis/system_stm32f0xx.o
 .debug_ranges  0x000002c0       0x10 ./system/src/cmsis/vectors_stm32f0xx.o
 .debug_ranges  0x000002d0       0x10 ./src/BlinkLed.o
 .debug_ranges  0x000002e0       0x28 ./src/Timer.o
 .debug_ranges  0x00000308       0x28 ./src/main.o

.debug_macro    0x00000000     0xbc0d
 .debug_macro   0x00000000      0x156 ./system/src/stm32f0-stdperiph/stm32f0xx_gpio.o
 .debug_macro   0x00000156      0x826 ./system/src/stm32f0-stdperiph/stm32f0xx_gpio.o
 .debug_macro   0x0000097c       0x7a ./system/src/stm32f0-stdperiph/stm32f0xx_gpio.o
 .debug_macro   0x000009f6       0x3a ./system/src/stm32f0-stdperiph/stm32f0xx_gpio.o
 .debug_macro   0x00000a30      0x34e ./system/src/stm32f0-stdperiph/stm32f0xx_gpio.o
 .debug_macro   0x00000d7e       0x1f ./system/src/stm32f0-stdperiph/stm32f0xx_gpio.o
 .debug_macro   0x00000d9d      0x242 ./system/src/stm32f0-stdperiph/stm32f0xx_gpio.o
 .debug_macro   0x00000fdf     0x5b9e ./system/src/stm32f0-stdperiph/stm32f0xx_gpio.o
 .debug_macro   0x00006b7d      0x2ec ./system/src/stm32f0-stdperiph/stm32f0xx_gpio.o
 .debug_macro   0x00006e69      0x3cf ./system/src/stm32f0-stdperiph/stm32f0xx_gpio.o
 .debug_macro   0x00007238      0x191 ./system/src/stm32f0-stdperiph/stm32f0xx_gpio.o
 .debug_macro   0x000073c9       0x46 ./system/src/stm32f0-stdperiph/stm32f0xx_gpio.o
 .debug_macro   0x0000740f       0xd9 ./system/src/stm32f0-stdperiph/stm32f0xx_gpio.o
 .debug_macro   0x000074e8       0xef ./system/src/stm32f0-stdperiph/stm32f0xx_gpio.o
 .debug_macro   0x000075d7      0x184 ./system/src/stm32f0-stdperiph/stm32f0xx_gpio.o
 .debug_macro   0x0000775b       0x7c ./system/src/stm32f0-stdperiph/stm32f0xx_gpio.o
 .debug_macro   0x000077d7      0x295 ./system/src/stm32f0-stdperiph/stm32f0xx_gpio.o
 .debug_macro   0x00007a6c       0xd7 ./system/src/stm32f0-stdperiph/stm32f0xx_gpio.o
 .debug_macro   0x00007b43      0x23d ./system/src/stm32f0-stdperiph/stm32f0xx_gpio.o
 .debug_macro   0x00007d80      0x184 ./system/src/stm32f0-stdperiph/stm32f0xx_gpio.o
 .debug_macro   0x00007f04      0x2a0 ./system/src/stm32f0-stdperiph/stm32f0xx_gpio.o
 .debug_macro   0x000081a4       0x70 ./system/src/stm32f0-stdperiph/stm32f0xx_gpio.o
 .debug_macro   0x00008214       0xdf ./system/src/stm32f0-stdperiph/stm32f0xx_gpio.o
 .debug_macro   0x000082f3      0x4e3 ./system/src/stm32f0-stdperiph/stm32f0xx_gpio.o
 .debug_macro   0x000087d6      0x4c5 ./system/src/stm32f0-stdperiph/stm32f0xx_gpio.o
 .debug_macro   0x00008c9b      0x397 ./system/src/stm32f0-stdperiph/stm32f0xx_gpio.o
 .debug_macro   0x00009032      0x750 ./system/src/stm32f0-stdperiph/stm32f0xx_gpio.o
 .debug_macro   0x00009782      0x353 ./system/src/stm32f0-stdperiph/stm32f0xx_gpio.o
 .debug_macro   0x00009ad5       0x34 ./system/src/stm32f0-stdperiph/stm32f0xx_gpio.o
 .debug_macro   0x00009b09       0x3a ./system/src/stm32f0-stdperiph/stm32f0xx_gpio.o
 .debug_macro   0x00009b43      0x17f ./system/src/stm32f0-stdperiph/stm32f0xx_gpio.o
 .debug_macro   0x00009cc2      0x174 ./system/src/stm32f0-stdperiph/stm32f0xx_rcc.o
 .debug_macro   0x00009e36      0x185 ./system/src/stm32f0-stdperiph/stm32f0xx_rcc.o
 .debug_macro   0x00009fbb      0x4dd ./system/src/stm32f0-stdperiph/stm32f0xx_rcc.o
 .debug_macro   0x0000a498      0x11b ./system/src/newlib/_exit.o
 .debug_macro   0x0000a5b3       0xa3 ./system/src/newlib/_exit.o
 .debug_macro   0x0000a656      0x10e ./system/src/newlib/_exit.o
 .debug_macro   0x0000a764       0x86 ./system/src/newlib/_exit.o
 .debug_macro   0x0000a7ea       0x43 ./system/src/newlib/_exit.o
 .debug_macro   0x0000a82d       0x10 ./system/src/newlib/_exit.o
 .debug_macro   0x0000a83d       0x35 ./system/src/newlib/_exit.o
 .debug_macro   0x0000a872       0xdb ./system/src/newlib/_startup.o
 .debug_macro   0x0000a94d      0x169 ./system/src/newlib/_syscalls.o
 .debug_macro   0x0000aab6       0x1c ./system/src/newlib/_syscalls.o
 .debug_macro   0x0000aad2       0x10 ./system/src/newlib/_syscalls.o
 .debug_macro   0x0000aae2       0x10 ./system/src/newlib/_syscalls.o
 .debug_macro   0x0000aaf2       0x10 ./system/src/newlib/_syscalls.o
 .debug_macro   0x0000ab02       0x35 ./system/src/newlib/_syscalls.o
 .debug_macro   0x0000ab37      0x120 ./system/src/newlib/_syscalls.o
 .debug_macro   0x0000ac57       0x22 ./system/src/newlib/_syscalls.o
 .debug_macro   0x0000ac79       0x2b ./system/src/newlib/_syscalls.o
 .debug_macro   0x0000aca4      0x118 ./system/src/newlib/_syscalls.o
 .debug_macro   0x0000adbc      0x13a ./system/src/newlib/_syscalls.o
 .debug_macro   0x0000aef6       0x16 ./system/src/newlib/_syscalls.o
 .debug_macro   0x0000af0c      0x137 ./system/src/newlib/assert.o
 .debug_macro   0x0000b043       0x1c ./system/src/newlib/assert.o
 .debug_macro   0x0000b05f      0x156 ./system/src/cortexm/_initialize_hardware.o
 .debug_macro   0x0000b1b5       0x1b ./system/src/cortexm/exception_handlers.o
 .debug_macro   0x0000b1d0      0x14c ./system/src/cmsis/system_stm32f0xx.o
 .debug_macro   0x0000b31c       0x1b ./system/src/cmsis/vectors_stm32f0xx.o
 .debug_macro   0x0000b337      0x15b ./src/BlinkLed.o
 .debug_macro   0x0000b492       0x28 ./src/BlinkLed.o
 .debug_macro   0x0000b4ba      0x170 ./src/Timer.o
 .debug_macro   0x0000b62a      0x280 ./src/main.o
 .debug_macro   0x0000b8aa       0x16 ./src/main.o
 .debug_macro   0x0000b8c0       0x97 ./src/main.o
 .debug_macro   0x0000b957       0x10 ./src/main.o
 .debug_macro   0x0000b967       0xf6 ./src/main.o
 .debug_macro   0x0000ba5d       0x16 ./src/main.o
 .debug_macro   0x0000ba73      0x16c ./src/main.o
 .debug_macro   0x0000bbdf       0x2e ./src/main.o
